Archive member included to satisfy reference by file (symbol)

c:/program files (x86)/atmel/studio/7.0/toolchain/avr8/avr8-gnu-toolchain/bin/../lib/gcc/avr/4.9.2/../../../../avr/lib/avr5\libm.a(addsf3.o)
                              src/Print.o (__subsf3)
c:/program files (x86)/atmel/studio/7.0/toolchain/avr8/avr8-gnu-toolchain/bin/../lib/gcc/avr/4.9.2/../../../../avr/lib/avr5\libm.a(addsf3x.o)
                              c:/program files (x86)/atmel/studio/7.0/toolchain/avr8/avr8-gnu-toolchain/bin/../lib/gcc/avr/4.9.2/../../../../avr/lib/avr5\libm.a(addsf3.o) (__addsf3x)
c:/program files (x86)/atmel/studio/7.0/toolchain/avr8/avr8-gnu-toolchain/bin/../lib/gcc/avr/4.9.2/../../../../avr/lib/avr5\libm.a(cmpsf2.o)
                              src/Print.o (__ltsf2)
c:/program files (x86)/atmel/studio/7.0/toolchain/avr8/avr8-gnu-toolchain/bin/../lib/gcc/avr/4.9.2/../../../../avr/lib/avr5\libm.a(divsf3.o)
                              Sketch.o (__divsf3)
c:/program files (x86)/atmel/studio/7.0/toolchain/avr8/avr8-gnu-toolchain/bin/../lib/gcc/avr/4.9.2/../../../../avr/lib/avr5\libm.a(divsf3x.o)
                              c:/program files (x86)/atmel/studio/7.0/toolchain/avr8/avr8-gnu-toolchain/bin/../lib/gcc/avr/4.9.2/../../../../avr/lib/avr5\libm.a(divsf3.o) (__divsf3x)
c:/program files (x86)/atmel/studio/7.0/toolchain/avr8/avr8-gnu-toolchain/bin/../lib/gcc/avr/4.9.2/../../../../avr/lib/avr5\libm.a(fixsfsi.o)
                              Sketch.o (__fixsfsi)
c:/program files (x86)/atmel/studio/7.0/toolchain/avr8/avr8-gnu-toolchain/bin/../lib/gcc/avr/4.9.2/../../../../avr/lib/avr5\libm.a(fixunssfsi.o)
                              src/Print.o (__fixunssfsi)
c:/program files (x86)/atmel/studio/7.0/toolchain/avr8/avr8-gnu-toolchain/bin/../lib/gcc/avr/4.9.2/../../../../avr/lib/avr5\libm.a(floatsisf.o)
                              src/Print.o (__floatunsisf)
c:/program files (x86)/atmel/studio/7.0/toolchain/avr8/avr8-gnu-toolchain/bin/../lib/gcc/avr/4.9.2/../../../../avr/lib/avr5\libm.a(fp_cmp.o)
                              c:/program files (x86)/atmel/studio/7.0/toolchain/avr8/avr8-gnu-toolchain/bin/../lib/gcc/avr/4.9.2/../../../../avr/lib/avr5\libm.a(cmpsf2.o) (__fp_cmp)
c:/program files (x86)/atmel/studio/7.0/toolchain/avr8/avr8-gnu-toolchain/bin/../lib/gcc/avr/4.9.2/../../../../avr/lib/avr5\libm.a(fp_inf.o)
                              c:/program files (x86)/atmel/studio/7.0/toolchain/avr8/avr8-gnu-toolchain/bin/../lib/gcc/avr/4.9.2/../../../../avr/lib/avr5\libm.a(addsf3x.o) (__fp_inf)
c:/program files (x86)/atmel/studio/7.0/toolchain/avr8/avr8-gnu-toolchain/bin/../lib/gcc/avr/4.9.2/../../../../avr/lib/avr5\libm.a(fp_nan.o)
                              c:/program files (x86)/atmel/studio/7.0/toolchain/avr8/avr8-gnu-toolchain/bin/../lib/gcc/avr/4.9.2/../../../../avr/lib/avr5\libm.a(addsf3x.o) (__fp_nan)
c:/program files (x86)/atmel/studio/7.0/toolchain/avr8/avr8-gnu-toolchain/bin/../lib/gcc/avr/4.9.2/../../../../avr/lib/avr5\libm.a(fp_pscA.o)
                              c:/program files (x86)/atmel/studio/7.0/toolchain/avr8/avr8-gnu-toolchain/bin/../lib/gcc/avr/4.9.2/../../../../avr/lib/avr5\libm.a(addsf3x.o) (__fp_pscA)
c:/program files (x86)/atmel/studio/7.0/toolchain/avr8/avr8-gnu-toolchain/bin/../lib/gcc/avr/4.9.2/../../../../avr/lib/avr5\libm.a(fp_pscB.o)
                              c:/program files (x86)/atmel/studio/7.0/toolchain/avr8/avr8-gnu-toolchain/bin/../lib/gcc/avr/4.9.2/../../../../avr/lib/avr5\libm.a(addsf3x.o) (__fp_pscB)
c:/program files (x86)/atmel/studio/7.0/toolchain/avr8/avr8-gnu-toolchain/bin/../lib/gcc/avr/4.9.2/../../../../avr/lib/avr5\libm.a(fp_round.o)
                              c:/program files (x86)/atmel/studio/7.0/toolchain/avr8/avr8-gnu-toolchain/bin/../lib/gcc/avr/4.9.2/../../../../avr/lib/avr5\libm.a(addsf3.o) (__fp_round)
c:/program files (x86)/atmel/studio/7.0/toolchain/avr8/avr8-gnu-toolchain/bin/../lib/gcc/avr/4.9.2/../../../../avr/lib/avr5\libm.a(fp_split3.o)
                              c:/program files (x86)/atmel/studio/7.0/toolchain/avr8/avr8-gnu-toolchain/bin/../lib/gcc/avr/4.9.2/../../../../avr/lib/avr5\libm.a(addsf3x.o) (__fp_split3)
c:/program files (x86)/atmel/studio/7.0/toolchain/avr8/avr8-gnu-toolchain/bin/../lib/gcc/avr/4.9.2/../../../../avr/lib/avr5\libm.a(fp_zero.o)
                              c:/program files (x86)/atmel/studio/7.0/toolchain/avr8/avr8-gnu-toolchain/bin/../lib/gcc/avr/4.9.2/../../../../avr/lib/avr5\libm.a(addsf3x.o) (__fp_zero)
c:/program files (x86)/atmel/studio/7.0/toolchain/avr8/avr8-gnu-toolchain/bin/../lib/gcc/avr/4.9.2/../../../../avr/lib/avr5\libm.a(gesf2.o)
                              src/Print.o (__gtsf2)
c:/program files (x86)/atmel/studio/7.0/toolchain/avr8/avr8-gnu-toolchain/bin/../lib/gcc/avr/4.9.2/../../../../avr/lib/avr5\libm.a(mulsf3.o)
                              src/Print.o (__mulsf3)
[...]
Memory Configuration

Name             Origin             Length             Attributes
text             0x00000000         0x00020000         xr
data             0x00800060         0x0000ffa0         rw !x
eeprom           0x00810000         0x00010000         rw !x
fuse             0x00820000         0x00000400         rw !x
lock             0x00830000         0x00000400         rw !x
signature        0x00840000         0x00000400         rw !x
user_signatures  0x00850000         0x00000400         rw !x
*default*        0x00000000         0xffffffff

Linker script and memory map

Address of section .data set to 0x800100
LOAD C:/Program Files (x86)/Atmel/Studio/7.0/Packs/atmel/ATmega_DFP/1.0.90/gcc/dev/atmega328p/avr5/crtatmega328p.o
LOAD Sketch.o
LOAD src/abi.o
LOAD src/CDC.o
LOAD src/HardwareSerial.o
LOAD src/HardwareSerial0.o
LOAD src/HardwareSerial1.o
LOAD src/HardwareSerial2.o
LOAD src/HardwareSerial3.o
LOAD src/HID.o
LOAD src/hooks.o
LOAD src/IPAddress.o
LOAD src/main.o
LOAD src/new.o
LOAD src/Print.o
LOAD src/Stream.o
LOAD src/Tone.o
LOAD src/USBCore.o
LOAD src/WInterrupts.o
LOAD src/wiring.o
LOAD src/wiring_analog.o
LOAD src/wiring_digital.o
LOAD src/wiring_pulse.o
LOAD src/wiring_shift.o
LOAD src/WMath.o
LOAD src/WString.o
START GROUP
LOAD c:/program files (x86)/atmel/studio/7.0/toolchain/avr8/avr8-gnu-toolchain/bin/../lib/gcc/avr/4.9.2/../../../../avr/lib/avr5\libm.a
END GROUP
LOAD c:/program files (x86)/atmel/studio/7.0/toolchain/avr8/avr8-gnu-toolchain/bin/../lib/gcc/avr/4.9.2/avr5\libgcc.a
LOAD c:/program files (x86)/atmel/studio/7.0/toolchain/avr8/avr8-gnu-toolchain/bin/../lib/gcc/avr/4.9.2/../../../../avr/lib/avr5\libm.a
START GROUP
LOAD c:/program files (x86)/atmel/studio/7.0/toolchain/avr8/avr8-gnu-toolchain/bin/../lib/gcc/avr/4.9.2/avr5\libgcc.a
LOAD c:/program files (x86)/atmel/studio/7.0/toolchain/avr8/avr8-gnu-toolchain/bin/../lib/gcc/avr/4.9.2/../../../../avr/lib/avr5\libm.a
LOAD c:/program files (x86)/atmel/studio/7.0/toolchain/avr8/avr8-gnu-toolchain/bin/../lib/gcc/avr/4.9.2/../../../../avr/lib/avr5\libc.a
LOAD C:/Program Files (x86)/Atmel/Studio/7.0/Packs/atmel/ATmega_DFP/1.0.90/gcc/dev/atmega328p/avr5\libatmega328p.a
END GROUP

.hash
 *(.hash)

.dynsym
 *(.dynsym)

.dynstr
 *(.dynstr)

.gnu.version
 *(.gnu.version)

.gnu.version_d
 *(.gnu.version_d)

.gnu.version_r
 *(.gnu.version_r)

.rel.init
 *(.rel.init)

.rela.init
 *(.rela.init)

.rel.text
 *(.rel.text)
 *(.rel.text.*)
 *(.rel.gnu.linkonce.t*)

.rela.text
 *(.rela.text)
 *(.rela.text.*)
 *(.rela.gnu.linkonce.t*)

.rel.fini
 *(.rel.fini)

.rela.fini
 *(.rela.fini)

.rel.rodata
 *(.rel.rodata)
 *(.rel.rodata.*)
 *(.rel.gnu.linkonce.r*)

.rela.rodata
 *(.rela.rodata)
 *(.rela.rodata.*)
 *(.rela.gnu.linkonce.r*)

.rel.data
 *(.rel.data)
 *(.rel.data.*)
 *(.rel.gnu.linkonce.d*)

.rela.data
 *(.rela.data)
 *(.rela.data.*)
 *(.rela.gnu.linkonce.d*)

.rel.ctors
 *(.rel.ctors)

.rela.ctors
 *(.rela.ctors)

.rel.dtors
 *(.rel.dtors)

.rela.dtors
 *(.rela.dtors)

.rel.got
 *(.rel.got)

.rela.got
 *(.rela.got)

.rel.bss
 *(.rel.bss)

.rela.bss
 *(.rela.bss)

.rel.plt
 *(.rel.plt)

.rela.plt
 *(.rela.plt)

.text           0x00000000     0x1060
 *(.vectors)
 .vectors       0x00000000       0x68 C:/Program Files (x86)/Atmel/Studio/7.0/Packs/atmel/ATmega_DFP/1.0.90/gcc/dev/atmega328p/avr5/crtatmega328p.o
                0x00000000                __vector_default
                0x00000000                __vectors
 *(.vectors)
 *(.progmem.gcc*)
                0x00000068                . = ALIGN (0x2)
                0x00000068                __trampolines_start = .
 *(.trampolines)
 .trampolines   0x00000068        0x0 linker stubs
 *(.trampolines*)
                0x00000068                __trampolines_end = .
 *(.progmem*)
 .progmem.data._ZL21tone_pin_to_timer_PGM
                0x00000068        0x1 src/Tone.o
 .progmem.data.digital_pin_to_timer_PGM
                0x00000069       0x14 src/wiring_digital.o
                0x00000069                digital_pin_to_timer_PGM
 .progmem.data.digital_pin_to_bit_mask_PGM
                0x0000007d       0x14 src/wiring_digital.o
                0x0000007d                digital_pin_to_bit_mask_PGM
 .progmem.data.digital_pin_to_port_PGM
                0x00000091       0x14 src/wiring_digital.o
                0x00000091                digital_pin_to_port_PGM
 .progmem.data.port_to_input_PGM
                0x000000a5        0xa src/wiring_digital.o
                0x000000a5                port_to_input_PGM
 .progmem.data.port_to_output_PGM
                0x000000af        0xa src/wiring_digital.o
                0x000000af                port_to_output_PGM
 .progmem.data.port_to_mode_PGM
                0x000000b9        0xa src/wiring_digital.o
                0x000000b9                port_to_mode_PGM
                0x000000c4                . = ALIGN (0x2)
 *fill*         0x000000c3        0x1 
 *(.jumptables)
 *(.jumptables*)
 *(.lowtext)
 *(.lowtext*)
                0x000000c4                __ctors_start = .
 *(.ctors)
 .ctors         0x000000c4        0x2 src/HardwareSerial0.o
 .ctors         0x000000c6        0x2 src/IPAddress.o
                0x000000c8                __ctors_end = .
                0x000000c8                __dtors_start = .
 *(.dtors)
                0x000000c8                __dtors_end = .
 SORT(*)(.ctors)
 SORT(*)(.dtors)
 *(.init0)
 .init0         0x000000c8        0x0 C:/Program Files (x86)/Atmel/Studio/7.0/Packs/atmel/ATmega_DFP/1.0.90/gcc/dev/atmega328p/avr5/crtatmega328p.o
                0x000000c8                __init
 *(.init0)
 *(.init1)
 *(.init1)
 *(.init2)
 .init2         0x000000c8        0xc C:/Program Files (x86)/Atmel/Studio/7.0/Packs/atmel/ATmega_DFP/1.0.90/gcc/dev/atmega328p/avr5/crtatmega328p.o
 *(.init2)
 *(.init3)
 *(.init3)
 *(.init4)
 .init4         0x000000d4       0x16 c:/program files (x86)/atmel/studio/7.0/toolchain/avr8/avr8-gnu-toolchain/bin/../lib/gcc/avr/4.9.2/avr5\libgcc.a(_copy_data.o)
                0x000000d4                __do_copy_data
 .init4         0x000000ea       0x10 c:/program files (x86)/atmel/studio/7.0/toolchain/avr8/avr8-gnu-toolchain/bin/../lib/gcc/avr/4.9.2/avr5\libgcc.a(_clear_bss.o)
                0x000000ea                __do_clear_bss
 *(.init4)
 *(.init5)
 *(.init5)
 *(.init6)
 .init6         0x000000fa       0x16 c:/program files (x86)/atmel/studio/7.0/toolchain/avr8/avr8-gnu-toolchain/bin/../lib/gcc/avr/4.9.2/avr5\libgcc.a(_ctors.o)
                0x000000fa                __do_global_ctors
 *(.init6)
 *(.init7)
 *(.init7)
 *(.init8)
 *(.init8)
 *(.init9)
 .init9         0x00000110        0x8 C:/Program Files (x86)/Atmel/Studio/7.0/Packs/atmel/ATmega_DFP/1.0.90/gcc/dev/atmega328p/avr5/crtatmega328p.o
 *(.init9)
 *(.text)
 .text          0x00000118        0x4 C:/Program Files (x86)/Atmel/Studio/7.0/Packs/atmel/ATmega_DFP/1.0.90/gcc/dev/atmega328p/avr5/crtatmega328p.o
                0x00000118                __vector_22
                0x00000118                __vector_24
                0x00000118                __vector_12
                0x00000118                __bad_interrupt
                0x00000118                __vector_6
                0x00000118                __vector_3
                0x00000118                __vector_23
                0x00000118                __vector_25
                0x00000118                __vector_11
                0x00000118                __vector_13
                0x00000118                __vector_17
                0x00000118                __vector_5
                0x00000118                __vector_4
                0x00000118                __vector_9
                0x00000118                __vector_21
                0x00000118                __vector_15
                0x00000118                __vector_8
                0x00000118                __vector_14
                0x00000118                __vector_10
                0x00000118                __vector_20
                0x0000011c                . = ALIGN (0x2)
 *(.text.*)
 .text.setup    0x0000011c       0x1e Sketch.o
                0x0000011c                setup
 .text._Z11TriggerReadi
                0x0000013a       0x44 Sketch.o
                0x0000013a                _Z11TriggerReadi
 .text._Z10PulseWidthi
                0x0000017e       0x4c Sketch.o
                0x0000017e                _Z10PulseWidthi
 .text.loop     0x000001ca       0x6c Sketch.o
                0x000001ca                loop
 .text._ZN14HardwareSerial9availableEv
                0x00000236       0x18 src/HardwareSerial.o
                0x00000236                _ZN14HardwareSerial9availableEv
 .text._ZN14HardwareSerial4peekEv
                0x0000024e       0x1c src/HardwareSerial.o
                0x0000024e                _ZN14HardwareSerial4peekEv
 .text._ZN14HardwareSerial4readEv
                0x0000026a       0x28 src/HardwareSerial.o
                0x0000026a                _ZN14HardwareSerial4readEv
 .text._Z14serialEventRunv
                0x00000292       0x1c src/HardwareSerial.o
                0x00000292                _Z14serialEventRunv
 .text._ZN14HardwareSerial17_tx_udr_empty_irqEv
                0x000002ae       0x54 src/HardwareSerial.o
                0x000002ae                _ZN14HardwareSerial17_tx_udr_empty_irqEv
 .text._ZN14HardwareSerial5flushEv
                0x00000302       0x44 src/HardwareSerial.o
                0x00000302                _ZN14HardwareSerial5flushEv
 .text._ZN14HardwareSerial5writeEh
                0x00000346       0x9e src/HardwareSerial.o
                0x00000346                _ZN14HardwareSerial5writeEh
 .text.__vector_18
                0x000003e4       0x70 src/HardwareSerial0.o
                0x000003e4                __vector_18
 .text.__vector_19
                0x00000454       0x4c src/HardwareSerial0.o
                0x00000454                __vector_19
 .text._Z17Serial0_availablev
                0x000004a0       0x14 src/HardwareSerial0.o
                0x000004a0                _Z17Serial0_availablev
 .text._GLOBAL__sub_I___vector_18
                0x000004b4       0x5a src/HardwareSerial0.o
 .text.__empty  0x0000050e        0x2 src/hooks.o
                0x0000050e                yield
 .text._ZNK9IPAddress7printToER5Print
                0x00000510       0x84 src/IPAddress.o
                0x00000510                _ZNK9IPAddress7printToER5Print
 .text._GLOBAL__sub_I__ZN9IPAddressC2Ev
                0x00000594       0x16 src/IPAddress.o
 .text.initVariant
                0x000005aa        0x2 src/main.o
                0x000005aa                initVariant
 .text.main     0x000005ac       0x1e src/main.o
                0x000005ac                main
 .text._ZN5Print5writeEPKhj
                0x000005ca       0x5a src/Print.o
                0x000005ca                _ZN5Print5writeEPKhj
 .text._ZN5Print5printEc
                0x00000624       0x10 src/Print.o
                0x00000624                _ZN5Print5printEc
 .text._ZN5Print11printNumberEmh
                0x00000634       0xe6 src/Print.o
                0x00000634                _ZN5Print11printNumberEmh
 .text._ZN5Print5printEmi
                0x0000071a       0x1e src/Print.o
                0x0000071a                _ZN5Print5printEmi
 .text._ZN5Print5printEhi
                0x00000738       0x10 src/Print.o
                0x00000738                _ZN5Print5printEhi
 .text._Z12disableTimerh
                0x00000748       0x40 src/Tone.o
                0x00000748                _Z12disableTimerh
 .text._Z6noToneh
                0x00000788       0x2e src/Tone.o
                0x00000788                _Z6noToneh
 .text.__vector_7
                0x000007b6       0xb8 src/Tone.o
                0x000007b6                __vector_7
 .text.__vector_1
                0x0000086e       0x5a src/WInterrupts.o
                0x0000086e                __vector_1
 .text.__vector_2
                0x000008c8       0x5a src/WInterrupts.o
                0x000008c8                __vector_2
 .text.__vector_16
                0x00000922       0x94 src/wiring.o
                0x00000922                __vector_16
 .text.micros   0x000009b6       0x4c src/wiring.o
                0x000009b6                micros
 .text.delay    0x00000a02       0x58 src/wiring.o
                0x00000a02                delay
 .text.delayMicroseconds
                0x00000a5a       0x14 src/wiring.o
                0x00000a5a                delayMicroseconds
 .text.init     0x00000a6e       0x76 src/wiring.o
                0x00000a6e                init
 .text.turnOffPWM
                0x00000ae4       0x5e src/wiring_digital.o
 .text.pinMode  0x00000b42       0x7e src/wiring_digital.o
                0x00000b42                pinMode
 .text.digitalWrite
                0x00000bc0       0x62 src/wiring_digital.o
                0x00000bc0                digitalWrite
 .text.pulseIn  0x00000c22      0x17e src/wiring_pulse.o
                0x00000c22                pulseIn
 .text.avr-libc.fplib
                0x00000da0        0x8 c:/program files (x86)/atmel/studio/7.0/toolchain/avr8/avr8-gnu-toolchain/bin/../lib/gcc/avr/4.9.2/../../../../avr/lib/avr5\libm.a(divsf3.o)
                0x00000da0                __divsf3
 .text.avr-libc.fplib
                0x00000da8       0xdc c:/program files (x86)/atmel/studio/7.0/toolchain/avr8/avr8-gnu-toolchain/bin/../lib/gcc/avr/4.9.2/../../../../avr/lib/avr5\libm.a(divsf3x.o)
                0x00000dc8                __divsf3x
                0x00000dce                __divsf3_pse
 .text.avr-libc.fplib
                0x00000e84        0xe c:/program files (x86)/atmel/studio/7.0/toolchain/avr8/avr8-gnu-toolchain/bin/../lib/gcc/avr/4.9.2/../../../../avr/lib/avr5\libm.a(fixsfsi.o)
                0x00000e84                __fixsfsi
 .text.avr-libc.fplib
                0x00000e92       0x5e c:/program files (x86)/atmel/studio/7.0/toolchain/avr8/avr8-gnu-toolchain/bin/../lib/gcc/avr/4.9.2/../../../../avr/lib/avr5\libm.a(fixunssfsi.o)
                0x00000e92                __fixunssfsi
 .text.avr-libc.fplib
                0x00000ef0       0x7a c:/program files (x86)/atmel/studio/7.0/toolchain/avr8/avr8-gnu-toolchain/bin/../lib/gcc/avr/4.9.2/../../../../avr/lib/avr5\libm.a(floatsisf.o)
                0x00000ef0                __floatunsisf
                0x00000ef4                __floatsisf
 .text.avr-libc.fplib
                0x00000f6a        0xc c:/program files (x86)/atmel/studio/7.0/toolchain/avr8/avr8-gnu-toolchain/bin/../lib/gcc/avr/4.9.2/../../../../avr/lib/avr5\libm.a(fp_inf.o)
                0x00000f6a                __fp_inf
 .text.avr-libc.fplib
                0x00000f76        0x6 c:/program files (x86)/atmel/studio/7.0/toolchain/avr8/avr8-gnu-toolchain/bin/../lib/gcc/avr/4.9.2/../../../../avr/lib/avr5\libm.a(fp_nan.o)
                0x00000f76                __fp_nan
 .text.avr-libc.fplib
                0x00000f7c        0xe c:/program files (x86)/atmel/studio/7.0/toolchain/avr8/avr8-gnu-toolchain/bin/../lib/gcc/avr/4.9.2/../../../../avr/lib/avr5\libm.a(fp_pscA.o)
                0x00000f7c                __fp_pscA
 .text.avr-libc.fplib
                0x00000f8a        0xe c:/program files (x86)/atmel/studio/7.0/toolchain/avr8/avr8-gnu-toolchain/bin/../lib/gcc/avr/4.9.2/../../../../avr/lib/avr5\libm.a(fp_pscB.o)
                0x00000f8a                __fp_pscB
 .text.avr-libc.fplib
                0x00000f98       0x22 c:/program files (x86)/atmel/studio/7.0/toolchain/avr8/avr8-gnu-toolchain/bin/../lib/gcc/avr/4.9.2/../../../../avr/lib/avr5\libm.a(fp_round.o)
                0x00000f98                __fp_round
 .text.avr-libc.fplib
                0x00000fba       0x44 c:/program files (x86)/atmel/studio/7.0/toolchain/avr8/avr8-gnu-toolchain/bin/../lib/gcc/avr/4.9.2/../../../../avr/lib/avr5\libm.a(fp_split3.o)
                0x00000fba                __fp_split3
                0x00000fca                __fp_splitA
 .text.avr-libc.fplib
                0x00000ffe        0xe c:/program files (x86)/atmel/studio/7.0/toolchain/avr8/avr8-gnu-toolchain/bin/../lib/gcc/avr/4.9.2/../../../../avr/lib/avr5\libm.a(fp_zero.o)
                0x00000ffe                __fp_zero
                0x00001000                __fp_szero
 .text.libgcc.div
                0x0000100c       0x44 c:/program files (x86)/atmel/studio/7.0/toolchain/avr8/avr8-gnu-toolchain/bin/../lib/gcc/avr/4.9.2/avr5\libgcc.a(_udivmodsi4.o)
                0x0000100c                __udivmodsi4
 .text.libgcc   0x00001050        0xc c:/program files (x86)/atmel/studio/7.0/toolchain/avr8/avr8-gnu-toolchain/bin/../lib/gcc/avr/4.9.2/avr5\libgcc.a(_tablejump2.o)
                0x00001050                __tablejump2__
                0x0000105c                . = ALIGN (0x2)
 *(.fini9)
 .fini9         0x0000105c        0x0 c:/program files (x86)/atmel/studio/7.0/toolchain/avr8/avr8-gnu-toolchain/bin/../lib/gcc/avr/4.9.2/avr5\libgcc.a(_exit.o)
                0x0000105c                _exit
                0x0000105c                exit
 *(.fini9)
 *(.fini8)
 *(.fini8)
 *(.fini7)
 *(.fini7)
 *(.fini6)
 *(.fini6)
 *(.fini5)
 *(.fini5)
 *(.fini4)
 *(.fini4)
 *(.fini3)
 *(.fini3)
 *(.fini2)
 *(.fini2)
 *(.fini1)
 *(.fini1)
 *(.fini0)
 .fini0         0x0000105c        0x4 c:/program files (x86)/atmel/studio/7.0/toolchain/avr8/avr8-gnu-toolchain/bin/../lib/gcc/avr/4.9.2/avr5\libgcc.a(_exit.o)
 *(.fini0)
                0x00001060                _etext = .

.data           0x00800100       0x22 load address 0x00001060
                0x00800100                PROVIDE (__data_start, .)
 *(.data)
 *(.data*)
 .data.constantDistance_3
                0x00800100        0x2 Sketch.o
                0x00800100                constantDistance_3
 .data.constantDistance_2
                0x00800102        0x2 Sketch.o
                0x00800102                constantDistance_2
 .data.Motor    0x00800104        0x2 Sketch.o
                0x00800104                Motor
 .data.echo3    0x00800106        0x2 Sketch.o
                0x00800106                echo3
 .data.echo2    0x00800108        0x2 Sketch.o
                0x00800108                echo2
 .data._ZL9tone_pins
                0x0080010a        0x1 src/Tone.o
 *(.rodata)
 *(.rodata*)
 .rodata._ZTV14HardwareSerial
                0x0080010b       0x10 src/HardwareSerial.o
                0x0080010b                _ZTV14HardwareSerial
 .rodata._ZTV9IPAddress
                0x0080011b        0x6 src/IPAddress.o
                0x0080011b                _ZTV9IPAddress
 *(.gnu.linkonce.d*)
                0x00800122                . = ALIGN (0x2)
 *fill*         0x00800121        0x1 
                0x00800122                _edata = .
                0x00800122                PROVIDE (__data_end, .)

.bss            0x00800122       0xb7
                0x00800122                PROVIDE (__bss_start, .)
 *(.bss)
 *(.bss*)
 .bss.Serial    0x00800122       0x9d src/HardwareSerial0.o
                0x00800122                Serial
 .bss._ZL11INADDR_NONE
                0x008001bf        0x6 src/IPAddress.o
 .bss.timer2_pin_mask
                0x008001c5        0x1 src/Tone.o
                0x008001c5                timer2_pin_mask
 .bss.timer2_pin_port
                0x008001c6        0x2 src/Tone.o
                0x008001c6                timer2_pin_port
 .bss.timer2_toggle_count
                0x008001c8        0x4 src/Tone.o
                0x008001c8                timer2_toggle_count
 .bss.intFunc   0x008001cc        0x4 src/WInterrupts.o
 .bss.timer0_fract
                0x008001d0        0x1 src/wiring.o
 .bss.timer0_millis
                0x008001d1        0x4 src/wiring.o
                0x008001d1                timer0_millis
 .bss.timer0_overflow_count
                0x008001d5        0x4 src/wiring.o
                0x008001d5                timer0_overflow_count
 *(COMMON)
                0x008001d9                PROVIDE (__bss_end, .)
                0x00001060                __data_load_start = LOADADDR (.data)
                0x00001082                __data_load_end = (__data_load_start + SIZEOF (.data))

.noinit         0x008001d9        0x0
                0x008001d9                PROVIDE (__noinit_start, .)
 *(.noinit*)
                0x008001d9                PROVIDE (__noinit_end, .)
                0x008001d9                _end = .
                0x008001d9                PROVIDE (__heap_start, .)

.eeprom         0x00810000        0x0
 *(.eeprom*)
                0x00810000                __eeprom_end = .

.fuse
 *(.fuse)
 *(.lfuse)
 *(.hfuse)
 *(.efuse)

.lock
 *(.lock*)

.signature
 *(.signature*)

.user_signatures
 *(.user_signatures*)

.stab
 *(.stab)

.stabstr
 *(.stabstr)

.stab.excl
 *(.stab.excl)

.stab.exclstr
 *(.stab.exclstr)

.stab.index
 *(.stab.index)

.stab.indexstr
 *(.stab.indexstr)

.comment        0x00000000       0x30
 *(.comment)
 .comment       0x00000000       0x30 Sketch.o
                                 0x31 (size before relaxing)
 .comment       0x00000030       0x31 src/HardwareSerial.o
 .comment       0x00000030       0x31 src/HardwareSerial0.o
 .comment       0x00000030       0x31 src/hooks.o
 .comment       0x00000030       0x31 src/IPAddress.o
 .comment       0x00000030       0x31 src/main.o
 .comment       0x00000030       0x31 src/Print.o
 .comment       0x00000030       0x31 src/Tone.o
 .comment       0x00000030       0x31 src/WInterrupts.o
 .comment       0x00000030       0x31 src/wiring.o
 .comment       0x00000030       0x31 src/wiring_digital.o
 .comment       0x00000030       0x31 src/wiring_pulse.o

.note.gnu.avr.deviceinfo
                0x00000000       0x40
 .note.gnu.avr.deviceinfo
                0x00000000       0x40 C:/Program Files (x86)/Atmel/Studio/7.0/Packs/atmel/ATmega_DFP/1.0.90/gcc/dev/atmega328p/avr5/crtatmega328p.o

.note.gnu.build-id
 *(.note.gnu.build-id)

.debug
 *(.debug)

.line
 *(.line)

.debug_srcinfo
 *(.debug_srcinfo)

.debug_sfnames
 *(.debug_sfnames)

.debug_aranges  0x00000000      0x380
 *(.debug_aranges)
 .debug_aranges
                0x00000000       0x38 Sketch.o
 .debug_aranges
                0x00000038       0x68 src/HardwareSerial.o
 .debug_aranges
                0x000000a0       0x38 src/HardwareSerial0.o
 .debug_aranges
                0x000000d8       0x20 src/hooks.o
 .debug_aranges
                0x000000f8       0x60 src/IPAddress.o
 .debug_aranges
                0x00000158       0x30 src/main.o
 .debug_aranges
                0x00000188       0xe8 src/Print.o
 .debug_aranges
                0x00000270       0x38 src/Tone.o
 .debug_aranges
                0x000002a8       0x38 src/WInterrupts.o
 .debug_aranges
                0x000002e0       0x48 src/wiring.o
 .debug_aranges
                0x00000328       0x38 src/wiring_digital.o
 .debug_aranges
                0x00000360       0x20 src/wiring_pulse.o

.debug_pubnames
 *(.debug_pubnames)

.debug_info     0x00000000     0x7ab2
 *(.debug_info .gnu.linkonce.wi.*)
 .debug_info    0x00000000      0x447 Sketch.o
 .debug_info    0x00000447     0x19bf src/HardwareSerial.o
 .debug_info    0x00001e06     0x1696 src/HardwareSerial0.o
 .debug_info    0x0000349c       0x3e src/hooks.o
 .debug_info    0x000034da      0x98f src/IPAddress.o
 .debug_info    0x00003e69      0x1f0 src/main.o
 .debug_info    0x00004059     0x25a5 src/Print.o
 .debug_info    0x000065fe      0x73f src/Tone.o
 .debug_info    0x00006d3d      0x200 src/WInterrupts.o
 .debug_info    0x00006f3d      0x2bb src/wiring.o
 .debug_info    0x000071f8      0x5d6 src/wiring_digital.o
 .debug_info    0x000077ce      0x2e4 src/wiring_pulse.o

.debug_abbrev   0x00000000     0x16a0
 *(.debug_abbrev)
 .debug_abbrev  0x00000000      0x14d Sketch.o
 .debug_abbrev  0x0000014d      0x350 src/HardwareSerial.o
 .debug_abbrev  0x0000049d      0x33d src/HardwareSerial0.o
 .debug_abbrev  0x000007da       0x2a src/hooks.o
 .debug_abbrev  0x00000804      0x33d src/IPAddress.o
 .debug_abbrev  0x00000b41       0xd7 src/main.o
 .debug_abbrev  0x00000c18      0x3a7 src/Print.o
 .debug_abbrev  0x00000fbf      0x261 src/Tone.o
 .debug_abbrev  0x00001220       0xe6 src/WInterrupts.o
 .debug_abbrev  0x00001306      0x145 src/wiring.o
 .debug_abbrev  0x0000144b      0x149 src/wiring_digital.o
 .debug_abbrev  0x00001594      0x10c src/wiring_pulse.o

.debug_line     0x00000000     0x13c4
 *(.debug_line .debug_line.* .debug_line_end)
 .debug_line    0x00000000      0x11d Sketch.o
 .debug_line    0x0000011d      0x2cb src/HardwareSerial.o
 .debug_line    0x000003e8      0x1f2 src/HardwareSerial0.o
 .debug_line    0x000005da       0x3b src/hooks.o
 .debug_line    0x00000615      0x212 src/IPAddress.o
 .debug_line    0x00000827      0x10f src/main.o
 .debug_line    0x00000936      0x3e4 src/Print.o
 .debug_line    0x00000d1a      0x1cb src/Tone.o
 .debug_line    0x00000ee5      0x128 src/WInterrupts.o
 .debug_line    0x0000100d      0x175 src/wiring.o
 .debug_line    0x00001182      0x13f src/wiring_digital.o
 .debug_line    0x000012c1      0x103 src/wiring_pulse.o

.debug_frame    0x00000000      0xad4
 *(.debug_frame)
 .debug_frame   0x00000000       0x7c Sketch.o
 .debug_frame   0x0000007c      0x104 src/HardwareSerial.o
 .debug_frame   0x00000180       0xcc src/HardwareSerial0.o
 .debug_frame   0x0000024c       0x24 src/hooks.o
 .debug_frame   0x00000270       0xe8 src/IPAddress.o
 .debug_frame   0x00000358       0x44 src/main.o
 .debug_frame   0x0000039c      0x3bc src/Print.o
 .debug_frame   0x00000758      0x100 src/Tone.o
 .debug_frame   0x00000858       0xe4 src/WInterrupts.o
 .debug_frame   0x0000093c       0xbc src/wiring.o
 .debug_frame   0x000009f8       0x7c src/wiring_digital.o
 .debug_frame   0x00000a74       0x60 src/wiring_pulse.o

.debug_str      0x00000000     0x1c63
 *(.debug_str)
 .debug_str     0x00000000      0x29a Sketch.o
                                0x2d8 (size before relaxing)
 .debug_str     0x0000029a      0xf44 src/HardwareSerial.o
                               0x117f (size before relaxing)
 .debug_str     0x000011de       0x86 src/HardwareSerial0.o
                                0xf79 (size before relaxing)
 .debug_str     0x00001264       0xdd src/hooks.o
                                0x12b (size before relaxing)
 .debug_str     0x00001341      0x25c src/IPAddress.o
                                0x511 (size before relaxing)
 .debug_str     0x0000159d       0x2d src/main.o
                                0x245 (size before relaxing)
 .debug_str     0x000015ca      0x37b src/Print.o
                                0xe76 (size before relaxing)
 .debug_str     0x00001945      0x18d src/Tone.o
                                0x3d1 (size before relaxing)
 .debug_str     0x00001ad2       0x80 src/WInterrupts.o
                                0x21b (size before relaxing)
 .debug_str     0x00001b52       0x68 src/wiring.o
                                0x22d (size before relaxing)
 .debug_str     0x00001bba       0x6b src/wiring_digital.o
                                0x29b (size before relaxing)
 .debug_str     0x00001c25       0x3e src/wiring_pulse.o
                                0x24c (size before relaxing)

.debug_loc      0x00000000     0x4166
 *(.debug_loc)
 .debug_loc     0x00000000       0xee Sketch.o
 .debug_loc     0x000000ee      0x447 src/HardwareSerial.o
 .debug_loc     0x00000535      0x17b src/HardwareSerial0.o
 .debug_loc     0x000006b0      0x2c0 src/IPAddress.o
 .debug_loc     0x00000970       0x26 src/main.o
 .debug_loc     0x00000996     0x1e70 src/Print.o
 .debug_loc     0x00002806      0xb12 src/Tone.o
 .debug_loc     0x00003318      0x214 src/WInterrupts.o
 .debug_loc     0x0000352c      0x22a src/wiring.o
 .debug_loc     0x00003756      0x5c4 src/wiring_digital.o
 .debug_loc     0x00003d1a      0x44c src/wiring_pulse.o

.debug_macinfo
 *(.debug_macinfo)

.debug_weaknames
 *(.debug_weaknames)

.debug_funcnames
 *(.debug_funcnames)

.debug_typenames
 *(.debug_typenames)

.debug_varnames
 *(.debug_varnames)

.debug_pubtypes
 *(.debug_pubtypes)

.debug_ranges   0x00000000      0x338
 *(.debug_ranges)
 .debug_ranges  0x00000000       0x28 Sketch.o
 .debug_ranges  0x00000028       0x58 src/HardwareSerial.o
 .debug_ranges  0x00000080       0x28 src/HardwareSerial0.o
 .debug_ranges  0x000000a8       0x10 src/hooks.o
 .debug_ranges  0x000000b8       0x50 src/IPAddress.o
 .debug_ranges  0x00000108       0x20 src/main.o
 .debug_ranges  0x00000128       0xf0 src/Print.o
 .debug_ranges  0x00000218       0x58 src/Tone.o
 .debug_ranges  0x00000270       0x28 src/WInterrupts.o
 .debug_ranges  0x00000298       0x38 src/wiring.o
 .debug_ranges  0x000002d0       0x28 src/wiring_digital.o
 .debug_ranges  0x000002f8       0x40 src/wiring_pulse.o

.debug_macro
 *(.debug_macro)
OUTPUT(T06_finalCode.elf elf32-avr)
LOAD linker stubs
